src/screens/att/tickets/TicketDetailScreen.tsx(62,27): error TS7006: Parameter 'email' implicitly has an 'any' type.
src/screens/att/tickets/TicketDetailScreen.tsx(143,62): error TS7053: Element implicitly has an 'any' type because expression of type 'TicketStatus' can't be used to index type '{ active: string; used: string; transferred: string; cancelled: string; expired: string; }'.
  Property 'listed' does not exist on type '{ active: string; used: string; transferred: string; cancelled: string; expired: string; }'.
src/screens/att/tickets/TicketDetailScreen.tsx(144,44): error TS7053: Element implicitly has an 'any' type because expression of type 'TicketStatus' can't be used to index type '{ active: string; used: string; transferred: string; cancelled: string; expired: string; }'.
  Property 'listed' does not exist on type '{ active: string; used: string; transferred: string; cancelled: string; expired: string; }'.
src/services/mapService.ts(2,37): error TS2307: Cannot find module '../config/mapbox' or its corresponding type declarations.
src/utils/error-handler.ts(169,65): error TS2554: Expected 1-3 arguments, but got 4.
src/utils/error-handler.ts(181,23): error TS2339: Property 'ErrorUtils' does not exist on type 'typeof globalThis'.
src/utils/error-handler.ts(182,37): error TS2339: Property 'ErrorUtils' does not exist on type 'typeof globalThis'.
src/utils/error-handler.ts(184,14): error TS2339: Property 'ErrorUtils' does not exist on type 'typeof globalThis'.
src/utils/error-handler.ts(184,43): error TS7006: Parameter 'error' implicitly has an 'any' type.
src/utils/error-handler.ts(184,50): error TS7006: Parameter 'isFatal' implicitly has an 'any' type.
src/utils/hooks/useLocation.ts(8,8): error TS2307: Cannot find module 'react-native-geolocation-service' or its corresponding type declarations.
src/utils/storage.ts(140,5): error TS4104: The type 'readonly string[]' is 'readonly' and cannot be assigned to the mutable type 'string[]'.
tiqly-web/app/crear-evento/page.tsx(5,23): error TS2307: Cannot find module '@/types' or its corresponding type declarations.
tiqly-web/app/crear-evento/page.tsx(11,8): error TS2307: Cannot find module '@/lib/mock-data' or its corresponding type declarations.
tiqly-web/app/crear-evento/page.tsx(121,48): error TS7006: Parameter 'c' implicitly has an 'any' type.
tiqly-web/app/crear-evento/page.tsx(197,50): error TS7006: Parameter 'cat' implicitly has an 'any' type.
tiqly-web/app/events/[id]/page.tsx(6,23): error TS2307: Cannot find module '@/types' or its corresponding type declarations.
tiqly-web/app/events/[id]/page.tsx(7,66): error TS2307: Cannot find module '@/lib/mock-data' or its corresponding type declarations.
tiqly-web/app/events/[id]/page.tsx(195,50): error TS7006: Parameter 'tag' implicitly has an 'any' type.
tiqly-web/app/layout.tsx(4,20): error TS2307: Cannot find module '@/components/Header' or its corresponding type declarations.
tiqly-web/app/login/page.tsx(6,46): error TS2307: Cannot find module '@/lib/mock-data' or its corresponding type declarations.
tiqly-web/app/mapa/page.tsx(6,23): error TS2307: Cannot find module '@/types' or its corresponding type declarations.
tiqly-web/app/mapa/page.tsx(7,48): error TS2307: Cannot find module '@/lib/mock-data' or its corresponding type declarations.
tiqly-web/app/mapa/page.tsx(11,18): error TS2307: Cannot find module '@/components/ui/MapLeaflet' or its corresponding type declarations.
tiqly-web/app/mapa/page.tsx(118,21): error TS2322: Type '{ center: { lat: number; lng: number; }; zoom: number; height: string; items: { id: any; lat: any; lng: any; title: any; description: any; }[]; }' is not assignable to type 'IntrinsicAttributes'.
  Property 'center' does not exist on type 'IntrinsicAttributes'.
tiqly-web/app/mapa/page.tsx(162,48): error TS7006: Parameter 'category' implicitly has an 'any' type.
tiqly-web/app/mapa/page.tsx(184,56): error TS7006: Parameter 'category' implicitly has an 'any' type.
tiqly-web/app/mis-eventos/page.tsx(6,23): error TS2307: Cannot find module '@/types/event' or its corresponding type declarations.
tiqly-web/app/mis-eventos/page.tsx(7,53): error TS2307: Cannot find module '@/lib/mock-data' or its corresponding type declarations.
tiqly-web/app/mis-tickets/page.tsx(6,24): error TS2307: Cannot find module '@/types' or its corresponding type declarations.
tiqly-web/app/mis-tickets/page.tsx(7,54): error TS2307: Cannot find module '@/lib/mock-data' or its corresponding type declarations.
tiqly-web/app/page.tsx(5,23): error TS2307: Cannot find module '@/types' or its corresponding type declarations.
tiqly-web/app/page.tsx(6,30): error TS2307: Cannot find module '@/lib/mock-data' or its corresponding type declarations.
tiqly-web/app/perfil/page.tsx(6,93): error TS2307: Cannot find module '@/lib/mock-data' or its corresponding type declarations.
tiqly-web/app/registro/page.tsx(6,35): error TS2307: Cannot find module '@/lib/mock-data' or its corresponding type declarations.
tiqly-web/components/ui/FeaturedCarousel.tsx(5,23): error TS2307: Cannot find module '@/types' or its corresponding type declarations.
tiqly-web/components/ui/MapLeaflet.tsx(107,20): error TS2322: Type '{ children: string; jsx: true; global: true; }' is not assignable to type 'DetailedHTMLProps<StyleHTMLAttributes<HTMLStyleElement>, HTMLStyleElement>'.
  Property 'jsx' does not exist on type 'DetailedHTMLProps<StyleHTMLAttributes<HTMLStyleElement>, HTMLStyleElement>'.
tiqly-web/components/ui/MapLeaflet.tsx(124,14): error TS2786: 'MapContainer' cannot be used as a JSX component.
  Its type 'ForwardRefExoticComponent<MapContainerProps & RefAttributes<Map>>' is not a valid JSX element type.
    Type 'ForwardRefExoticComponent<MapContainerProps & RefAttributes<Map>>' is not assignable to type '(props: any, deprecatedLegacyContext?: any) => ReactNode'.
      Type 'import("C:/Users/mocha/Documents/TiQly/tiqly-web/node_modules/@types/react/index").ReactNode' is not assignable to type 'import("C:/Users/mocha/node_modules/@types/react/index").ReactNode'.
        Type 'bigint' is not assignable to type 'ReactNode'.
tiqly-web/components/ui/MapLeaflet.tsx(131,18): error TS2786: 'TileLayer' cannot be used as a JSX component.
  Its type 'ForwardRefExoticComponent<TileLayerProps & RefAttributes<TileLayer>>' is not a valid JSX element type.
    Type 'ForwardRefExoticComponent<TileLayerProps & RefAttributes<TileLayer>>' is not assignable to type '(props: any, deprecatedLegacyContext?: any) => ReactNode'.
      Type 'import("C:/Users/mocha/Documents/TiQly/tiqly-web/node_modules/@types/react/index").ReactNode' is not assignable to type 'import("C:/Users/mocha/node_modules/@types/react/index").ReactNode'.
        Type 'bigint' is not assignable to type 'ReactNode'.
tiqly-web/components/ui/MapLeaflet.tsx(141,22): error TS2786: 'Marker' cannot be used as a JSX component.
  Its type 'ForwardRefExoticComponent<MarkerProps & RefAttributes<Marker<any>>>' is not a valid JSX element type.
    Type 'ForwardRefExoticComponent<MarkerProps & RefAttributes<Marker<any>>>' is not assignable to type '(props: any, deprecatedLegacyContext?: any) => ReactNode'.
      Type 'import("C:/Users/mocha/Documents/TiQly/tiqly-web/node_modules/@types/react/index").ReactNode' is not assignable to type 'import("C:/Users/mocha/node_modules/@types/react/index").ReactNode'.
        Type 'bigint' is not assignable to type 'ReactNode'.
tiqly-web/components/ui/MapLeaflet.tsx(146,22): error TS2786: 'Marker' cannot be used as a JSX component.
  Its type 'ForwardRefExoticComponent<MarkerProps & RefAttributes<Marker<any>>>' is not a valid JSX element type.
    Type 'ForwardRefExoticComponent<MarkerProps & RefAttributes<Marker<any>>>' is not assignable to type '(props: any, deprecatedLegacyContext?: any) => ReactNode'.
      Type 'import("C:/Users/mocha/Documents/TiQly/tiqly-web/node_modules/@types/react/index").ReactNode' is not assignable to type 'import("C:/Users/mocha/node_modules/@types/react/index").ReactNode'.
        Type 'bigint' is not assignable to type 'ReactNode'.
tiqly-web/components/ui/MapLeaflet.tsx(151,26): error TS2786: 'Popup' cannot be used as a JSX component.
  Its type 'ForwardRefExoticComponent<PopupProps & RefAttributes<Popup>>' is not a valid JSX element type.
    Type 'ForwardRefExoticComponent<PopupProps & RefAttributes<Popup>>' is not assignable to type '(props: any, deprecatedLegacyContext?: any) => ReactNode'.
      Type 'import("C:/Users/mocha/Documents/TiQly/tiqly-web/node_modules/@types/react/index").ReactNode' is not assignable to type 'import("C:/Users/mocha/node_modules/@types/react/index").ReactNode'.
        Type 'bigint' is not assignable to type 'ReactNode'.
tiqly-web/lib/mock-data.ts(2,47): error TS2307: Cannot find module '@/types/event' or its corresponding type declarations.
tiqly-web/lib/mock-data.ts(3,38): error TS2307: Cannot find module '@/types/ticket' or its corresponding type declarations.
